2026-01-08 12:59:16,945 - INFO - 86 imagens ja existentes no disco
2026-01-08 12:59:16,945 - INFO - Imagem faltante: monitor_19-hayom-mo6001-promocao.webp
2026-01-08 12:59:16,946 - INFO - Imagem faltante: monitor_215-philips-led-full-hd-221v8-wva-hdmi.webp
2026-01-08 12:59:16,946 - INFO - Imagem faltante: monitor_154-hayom-mo-6006.webp
2026-01-08 12:59:16,946 - INFO - Imagem faltante: monitor_171-hayom-mo6004.webp
2026-01-08 12:59:16,947 - INFO - Imagem faltante: mouse_multilaser-sem-fio-preto-mo307.webp
2026-01-08 12:59:16,947 - INFO - Imagem faltante: mouse_multilaser-preto-usb-mo255.webp
2026-01-08 12:59:16,947 - INFO - Imagem faltante: mouse_multilaser-sem-fio-recarregável-24-ghz-mo277.webp
2026-01-08 12:59:16,948 - INFO - Imagem faltante: mouse_multilaser-sfio-bluetooth-m5750-mo403.webp
2026-01-08 12:59:16,949 - INFO - Imagem faltante: roteador_wr-tp-link-mesh-ac1200-ec220-g5.webp
2026-01-08 12:59:16,949 - INFO - Imagem faltante: roteador_wr-tp-link-dual-band-ac1350-ec230-g1.webp
2026-01-08 12:59:16,949 - INFO - Imagem faltante: roteador_wre-mercusys-ac1200-d-band-gigabit-mr30g.webp
2026-01-08 12:59:16,949 - INFO - Imagem faltante: roteador_tp-link-ac1350-c60-archer-dual-band.webp
2026-01-08 12:59:16,950 - INFO - Imagem faltante: roteador_wr-tp-link-ax1500-dual-band-ax12-wifi-6.webp
2026-01-08 12:59:16,950 - INFO - Imagem faltante: roteador_wr-tp-link-ax1800-dual-band-ax23-wifi-6.webp
2026-01-08 12:59:16,950 - INFO - Imagem faltante: ubiquiti_ap-unifi-ac-u6-pro-4x4-sfonte.webp
2026-01-08 12:59:16,951 - INFO - Imagem faltante: ubiquiti_ap-unifi-uap-ac-lite-br.webp
2026-01-08 12:59:16,951 - INFO - Imagem faltante: repetidor_wireless-tplink-dual-band-ac750-re200.webp
2026-01-08 12:59:16,951 - INFO - Imagem faltante: adaptador_usb-rede-rj45-20-empree.webp
2026-01-08 12:59:16,952 - INFO - Imagem faltante: adaptador_usb-wireless-600mbps-5g.webp
2026-01-08 12:59:16,952 - INFO - Imagem faltante: adaptador_usb-wireless-ac1300-tenda-u12.webp
2026-01-08 12:59:16,952 - INFO - Imagem faltante: adaptador_usb-wireless-ac1300-tp-link-archer-t3u.webp
2026-01-08 12:59:16,953 - INFO - Imagem faltante: adaptador_usb-wireless-ac1300-tp-link-archer-t4u.webp
2026-01-08 12:59:16,953 - INFO - Imagem faltante: adaptador_usb-wireless-tx20u-plus-tp-link-wifi-6.webp
2026-01-08 12:59:16,956 - INFO - Imagem faltante: teclado_bright-preto-usb-0014.webp
2026-01-08 12:59:16,956 - INFO - Imagem faltante: mouse_hayom-officer-usb-mu2904.webp
2026-01-08 12:59:16,957 - INFO - Imagem faltante: mouse_gamer-fortrex-rgb-crusader-70526.webp
2026-01-08 12:59:16,957 - INFO - Imagem faltante: mouse_gamer-fortrex-rgb-crusader-branco-83910.webp
2026-01-08 12:59:16,958 - INFO - Imagem faltante: mouse_prata-game-fortex-crusader.webp
2026-01-08 12:59:16,958 - INFO - Imagem faltante: mouse_preto-game-fortex-crusader.webp
2026-01-08 12:59:16,959 - INFO - Imagem faltante: mouse_fortrex-gamer-usb-spider-2-om-705-3200.webp
2026-01-08 12:59:16,959 - INFO - Imagem faltante: mouse_fortrex-usb-om1101-800dpi-62845.webp
2026-01-08 12:59:16,960 - INFO - Imagem faltante: mouse_gamer-fortrex-usb-om702-tarantula-2000.webp
2026-01-08 12:59:16,960 - INFO - Imagem faltante: mouse_logitech-usb-m240-silent-branco.webp
2026-01-08 12:59:16,961 - INFO - Imagem faltante: mouse_logitech-usb-m90-cinza.webp
2026-01-08 12:59:16,961 - INFO - Imagem faltante: mouse_logitech-usb-vermelho-m105.webp
2026-01-08 12:59:16,962 - INFO - Imagem faltante: mouse_logitech-wireless-azul-m170.webp
2026-01-08 12:59:16,962 - INFO - Imagem faltante: mouse_logitech-wireless-preto-m170.webp
2026-01-08 12:59:16,962 - INFO - Imagem faltante: mouse_logitech-sem-fio-m650-signature-preto.webp
2026-01-08 12:59:16,963 - INFO - Imagem faltante: mouse_logitech-wireless-m310-preto.webp
2026-01-08 12:59:16,963 - INFO - Imagem faltante: mouse_logitech-wireless-m196-bt-branco.webp
2026-01-08 12:59:16,964 - INFO - Imagem faltante: mouse_logitech-wireless-anywhere-s3-graf.webp
2026-01-08 12:59:16,964 - INFO - Imagem faltante: mouse_feasso-sem-fio-fams-11.webp
2026-01-08 12:59:16,965 - INFO - Imagem faltante: placa_mae-brazilpc-a520-am4-ultra.webp
2026-01-08 12:59:16,965 - INFO - Imagem faltante: placa_mae-brazilpc-h510-1200-ddr4.webp
2026-01-08 12:59:16,965 - INFO - Imagem faltante: caixa_de-som-jbl-boombox-3-black.webp
2026-01-08 12:59:16,966 - INFO - Imagem faltante: kvm_2-portas-switch-usb.webp
2026-01-08 12:59:16,966 - INFO - Imagem faltante: splitter_hdmi-8-portas-knuk-pk-sw100.webp
2026-01-08 12:59:16,967 - INFO - Imagem faltante: cabo_de-rede-cat6-305m-lan-max.webp
2026-01-08 12:59:16,967 - INFO - Imagem faltante: cabo_de-rede-cat6-100m-azul-mpt.webp
2026-01-08 12:59:16,968 - INFO - Imagem faltante: cabo_de-rede-cat6-305m-sohplus-azul.webp
2026-01-08 12:59:16,968 - INFO - Imagem faltante: switch_tp-link-16-portas-gigabit-tl-sg1016.webp
2026-01-08 12:59:16,969 - INFO - Imagem faltante: switch_tp-link-24-portas-gigabit-sg1024d.webp
2026-01-08 12:59:16,971 - INFO - Imagem faltante: switch_tp-link-8-portas-gigabit-ls1008g.webp
2026-01-08 12:59:16,972 - INFO - Imagem faltante: switch_tp-link-5-portas-gigabit-ls1005g.webp
2026-01-08 12:59:16,972 - INFO - Imagem faltante: switch_mercusys-8-portas-gigabit-ms108g.webp
2026-01-08 12:59:16,973 - INFO - Imagem faltante: switch_mercusys-5-portas-gigabit-ms105g.webp
2026-01-08 12:59:16,973 - INFO - Imagem faltante: kvm_d-link-16-portas-usb-ps2-kvm-450.webp
2026-01-08 12:59:16,974 - INFO - Imagem faltante: cabo_console-usb-rj45.webp
2026-01-08 12:59:16,974 - INFO - Imagem faltante: web_camera-usb-full-hd-1080p.webp
2026-01-08 12:59:16,975 - INFO - Imagem faltante: webcam_led-15mp-usb-com-microfone.webp
2026-01-08 12:59:16,975 - INFO - Imagem faltante: webcam_logitech-brio-100-grafite.webp
2026-01-08 12:59:16,975 - INFO - Imagem faltante: webcam_logitech-full-hd-c925e.webp
2026-01-08 12:59:16,976 - INFO - Imagem faltante: webcam_logitech-hd-1280-x-720p-c270hd.webp
2026-01-08 12:59:16,976 - INFO - Imagem faltante: teclado_oex-game-ziggy-mecanico-preto-tc-607.webp
2026-01-08 12:59:16,977 - INFO - Imagem faltante: teclado_gamer-mec-fortrek-gravity-100.webp
2026-01-08 12:59:16,977 - INFO - Imagem faltante: teclado_gamer-mec-fortrek-gravity-100-br.webp
2026-01-08 12:59:16,978 - INFO - Imagem faltante: teclado_gamer-mec-fortrek-gravity-65.webp
2026-01-08 12:59:16,978 - INFO - Imagem faltante: teclado_gamer-mec-fortrek-gravity-80.webp
2026-01-08 12:59:16,979 - INFO - Imagem faltante: kit_teclado-e-mouse-sem-fio-silent-logitech-mk295.webp
2026-01-08 12:59:16,979 - INFO - Imagem faltante: kit_teclado-e-mouse-fortrek-ranger-7055i.webp
2026-01-08 12:59:16,980 - INFO - Imagem faltante: kit_teclado-e-mouse-logitech-wireless-mk220.webp
2026-01-08 12:59:16,980 - INFO - Imagem faltante: kit_teclado-e-mouse-logitech-wireless-mk235.webp
2026-01-08 12:59:16,981 - INFO - Imagem faltante: kit_teclado-e-mouse-logitech-wireless-mk250.webp
2026-01-08 12:59:16,981 - INFO - Imagem faltante: kit_teclado-e-mouse-logitech-wireless-mk345.webp
2026-01-08 12:59:16,981 - INFO - Imagem faltante: kit_teclado-e-mouse-logitech-wireless-mk540.webp
2026-01-08 12:59:16,982 - INFO - Imagem faltante: teclado_gamer-mec-ballistic-cinetic-dazz.webp
2026-01-08 12:59:16,982 - INFO - Imagem faltante: teclado_multilaser-usb-multimídia-tc193.webp
2026-01-08 12:59:16,983 - INFO - Imagem faltante: kit_teclado-e-mouse-oex-cambo-office-tm406.webp
2026-01-08 12:59:16,983 - INFO - Imagem faltante: teclado_logitech-gamer-g413se.webp
2026-01-08 12:59:16,984 - INFO - Imagem faltante: mini_teclado-multilaser-mec-gk-510.webp
2026-01-08 12:59:16,984 - INFO - Imagem faltante: mini_teclado-touchpad-wireless-keyboard-knup-verde.webp
2026-01-08 12:59:16,986 - INFO - Imagem faltante: kit_teclado-e-mouse-wireless-fatsc40-feasso-495.webp
2026-01-08 12:59:16,987 - INFO - Imagem faltante: teclado_usb-preto-bpc-8236-brazil.webp
2026-01-08 12:59:16,987 - INFO - Imagem faltante: teclado_numerico-knup.webp
2026-01-08 12:59:16,988 - INFO - Imagem faltante: kit_teclado-e-mouse-5-fio-officer-fortrek-cw11.webp
2026-01-08 12:59:16,988 - INFO - Imagem faltante: kit_teclado-e-mouse-5-fio-24-ghz-bpc-527117.webp
2026-01-08 12:59:16,989 - INFO - Imagem faltante: teclado_maxprint-tv-plus-601476.webp
2026-01-08 12:59:16,989 - INFO - Imagem faltante: kit_teclado-mini-sem-fio-hmaston-jp102.webp
2026-01-08 12:59:16,990 - INFO - Imagem faltante: teclado_hmaston-wireless-bluetooth-abnt2-jp101.webp
2026-01-08 12:59:16,990 - INFO - Imagem faltante: teclado_gamer-mec-cybertronic-dazz.webp
2026-01-08 12:59:16,991 - INFO - Imagem faltante: teclado_inova-prime-gamer-usb-key-9968.webp
2026-01-08 12:59:16,991 - INFO - Imagem faltante: mouse_logitech-usb-m90-cinza.webp
2026-01-08 12:59:16,992 - INFO - Imagem faltante: mouse_logitech-wireless-azul-m170.webp
2026-01-08 12:59:16,992 - INFO - Imagem faltante: mouse_logitech-wireless-preto-m170.webp
2026-01-08 12:59:16,993 - INFO - Imagem faltante: mouse_logitech-wireless-anywhere-3s-graf.webp
2026-01-08 12:59:16,993 - INFO - Imagem faltante: mouse_multilaser-sem-fio-preto-mo307.webp
2026-01-08 12:59:16,993 - INFO - Imagem faltante: mouse_multilaser-sem-fio-recarregavel-24-ghz-mo277.webp
2026-01-08 12:59:16,994 - INFO - Imagem faltante: mouse_multilaser-sfio-bluetooth-m5750-mo403.webp
2026-01-08 12:59:16,994 - INFO - Imagem faltante: ubiquiti_ap-unifi-ac-u6-pro-4x4-sfonte.webp
2026-01-08 12:59:16,995 - INFO - Imagem faltante: ubiquiti_ap-unifi-uap-ac-lite-br.webp
2026-01-08 12:59:16,995 - INFO - Imagem faltante: repetidor_wireles-tp-link-dual-band-ac750-re200.webp
2026-01-08 12:59:16,996 - INFO - Imagem faltante: adaptador_usb-rede-rj45-20-empire.webp
2026-01-08 12:59:16,996 - INFO - Imagem faltante: adaptador_usb-wireless-tx20u-plus-tp-link-wi-fi-6.webp
2026-01-08 12:59:16,997 - INFO - Imagem faltante: monitor_215-gbt-led-hdmi-e-vga-gbt-m218.webp
2026-01-08 12:59:16,997 - INFO - Imagem faltante: monitor_235-gbt-led-hdmi-vga-gbt-m218.webp
2026-01-08 12:59:16,997 - INFO - Imagem faltante: monitor_32-samsung-gamer-qhd-ls32cg55-odyssey.webp
2026-01-08 12:59:16,998 - INFO - Imagem faltante: monitor_24-dx-1k-165hz-curvo-alto-falante-3w-hdmi.webp
2026-01-08 12:59:16,998 - INFO - Imagem faltante: monitor_27-dx-165hz-speaker-alto-falante-ips-box.webp
2026-01-08 12:59:16,999 - INFO - Imagem faltante: monitor_185-aoc-led-e970swnhl-hdmi.webp
2026-01-08 12:59:16,999 - INFO - Imagem faltante: monitor_215-led-samsung-ls22f350fhlmzd.webp
2026-01-08 12:59:17,002 - INFO - Imagem faltante: processador_intel-celeron-1151-lga1200-g5905-4mb.webp
2026-01-08 12:59:17,002 - INFO - Imagem faltante: processador_intel-celeron-1151-lga1200-g5925-36ghz.webp
2026-01-08 12:59:17,003 - INFO - Imagem faltante: processador_intel-i3-lga1150-41504160-34ghz-3mb-oem.webp
2026-01-08 12:59:17,003 - INFO - Imagem faltante: processador_intel-i3-lga1151-9100f-36ghz-3mb-9ger.webp
2026-01-08 12:59:17,004 - INFO - Imagem faltante: processador_intel-i3-lga1200-10100f-36ghz-6mb-10ªg.webp
2026-01-08 12:59:17,004 - INFO - Imagem faltante: processador_intel-i3-lga1200-core-10105-370ghz-6mb.webp
2026-01-08 12:59:17,005 - INFO - Imagem faltante: processador_intel-i5-lga1150-4570-4ªg.webp
2026-01-08 12:59:17,005 - INFO - Imagem faltante: processador_intel-i5-lga1151-8400-oem.webp
2026-01-08 12:59:17,006 - INFO - Imagem faltante: processador_intel-i5-lga1151-9400f-oem.webp
2026-01-08 12:59:17,006 - INFO - Imagem faltante: processador_intel-i5-lga1155-3570-38ghz-6mb-oem.webp
2026-01-08 12:59:17,007 - INFO - Imagem faltante: processador_intel-i5-lga1155-3470-32ghz-oem.webp
2026-01-08 12:59:17,007 - INFO - Imagem faltante: processador_intel-i5-lga1200-11400f-26-ghz-12mb-11ª.webp
2026-01-08 12:59:17,008 - INFO - Imagem faltante: processador_intel-i5-lga1700-12400f-44-ghz-12mb.webp
2026-01-08 12:59:17,008 - INFO - Imagem faltante: processador_intel-i5-13400-lga1700.webp
2026-01-08 12:59:17,009 - INFO - Imagem faltante: processador_intel-i5-14400-lga1700.webp
2026-01-08 12:59:17,009 - INFO - Imagem faltante: processador_intel-i7-3770-lga1155.webp
2026-01-08 12:59:17,010 - INFO - Imagem faltante: processador_intel-pentium-g5400t.webp
2026-01-08 12:59:17,010 - INFO - Imagem faltante: placa_mae-brazil-pc-h61-itx-m2.webp
2026-01-08 12:59:17,011 - INFO - Imagem faltante: placa_mae-brasil-pc-b1150-h81-bpch81m.webp
2026-01-08 12:59:17,011 - INFO - Imagem faltante: placa_mae-asus-prime-h310m-e-hdmi-ddr4.webp
2026-01-08 12:59:17,011 - INFO - Imagem faltante: placa_mae-asus-h310m-c-h310m-h.webp
2026-01-08 12:59:17,012 - INFO - Imagem faltante: placa_mae-asus-h610m-cs-d4-prime.webp
2026-01-08 12:59:17,012 - INFO - Imagem faltante: placa_mae-asus-prime-h610m-k.webp
2026-01-08 12:59:17,013 - INFO - Imagem faltante: placa_mae-asus-prime-h610m-k-1200-ddr4.webp
2026-01-08 12:59:17,013 - INFO - Imagem faltante: placa_mae-pcware-ipm-b360.webp
2026-01-08 12:59:17,014 - INFO - Imagem faltante: placa_mae-pcware-1151-8ª9ª-ipmh310g-ddr4.webp
2026-01-08 12:59:17,014 - INFO - Imagem faltante: placa_mae-pcware-1151-8ª9ª-ipmh310g-ddr4-pro.webp
2026-01-08 12:59:17,014 - INFO - Imagem faltante: placa_mae-hayom-h155-h61m-el-ddr3-plm2300.webp
2026-01-08 12:59:17,015 - INFO - Imagem faltante: placa_mae-hayom-h155-b75m-svr-ddr3-plm2301.webp
2026-01-08 12:59:17,018 - INFO - Imagem faltante: placa_de-vídeo-nvidia-inno3d-rtx3060-12gb-ddr6.webp
2026-01-08 12:59:17,018 - INFO - Imagem faltante: placa_de-vídeo-nvidia-gtx-550-1gb-ddr5-128-bits.webp
2026-01-08 12:59:17,019 - INFO - Imagem faltante: placa_de-vídeo-nvidia-gt740-2gb-ddr3-bluecase.webp
2026-01-08 12:59:17,019 - INFO - Imagem faltante: placa_de-vídeo-nvidia-gt710-2gb-ddr3-hoopson.webp
2026-01-08 12:59:17,020 - INFO - Imagem faltante: placa_de-vídeo-amd-r5-230-2gb-ddr3-pcyes.webp
2026-01-08 12:59:17,020 - INFO - Imagem faltante: placa_de-vídeo-amd-rx570-8gb-ddr5-pcyes.webp
2026-01-08 12:59:17,020 - INFO - Imagem faltante: placa_de-vídeo-nvidia-gtx1050-4gb-ddr5-galax.webp
2026-01-08 12:59:17,021 - INFO - Imagem faltante: placa_de-vídeo-nvidia-gtx1050-ti-4gb-ddr5-asus.webp
2026-01-08 12:59:17,021 - INFO - Imagem faltante: placa_de-vídeo-nvidia-gtx1660-6gb-ddr5-galax.webp
2026-01-08 12:59:17,022 - INFO - Imagem faltante: hd_ssd-120gb-25-get.webp
2026-01-08 12:59:17,022 - INFO - Imagem faltante: hd_ssd-240gb-25-sandisk-530mbs-g26.webp
2026-01-08 12:59:17,023 - INFO - Imagem faltante: hd_ssd-240gb-ssd1901-hayom.webp
2026-01-08 12:59:17,023 - INFO - Imagem faltante: hd_ssd-240gb-kingston-a400-sa400s37240g.webp
2026-01-08 12:59:17,024 - INFO - Imagem faltante: hd_ssd-480-gb-25-hayom.webp
2026-01-08 12:59:17,024 - INFO - Imagem faltante: hd_ssd-480-gb-25-gotech.webp
2026-01-08 12:59:17,025 - INFO - Imagem faltante: hd_ssd-480-gb-25-hik-semi-mewe.webp
2026-01-08 12:59:17,025 - INFO - Imagem faltante: hd_ssd-480-gb-25-kingston-sa400s37.webp
2026-01-08 12:59:17,026 - INFO - Imagem faltante: nvme_ssd-m2-2280-kingston-1-tb-nvme.webp
2026-01-08 12:59:17,026 - INFO - Imagem faltante: nvme_ssd-m2-2280-kingston-500gb-25.webp
2026-01-08 12:59:17,027 - INFO - Imagem faltante: ssd_m2-2280-sata3-macrovip-swb-256gb.webp
2026-01-08 12:59:17,027 - INFO - Imagem faltante: ssd_256gb-25-fnx-gamer.webp
2026-01-08 12:59:17,027 - INFO - Imagem faltante: hd_externo-1tb-seagate-expansion-usb-30.webp
2026-01-08 12:59:17,028 - INFO - Imagem faltante: hd_externo-2tb-seagate-portátil-expansion-usb-30.webp
2026-01-08 12:59:17,028 - INFO - Imagem faltante: hd_externo-4tb-seagate-usb-30-expansion.webp
2026-01-08 12:59:17,029 - INFO - Imagem faltante: hd_interno-3tb-sata3-seagate-constellation-7200.webp
2026-01-08 12:59:17,029 - INFO - Imagem faltante: fonte_real-500w-atx-aerocool-vx-500.webp
2026-01-08 12:59:17,030 - INFO - Imagem faltante: fonte_real-500w-atx-aerocool-vx-500.webp
2026-01-08 12:59:17,031 - INFO - Imagem faltante: fonte_aerocool-vx-plus-700w-80-plus-bronze.webp
2026-01-08 12:59:17,033 - INFO - Imagem faltante: fonte_real-1000w-atx-aerocool-kcas-plus-scabo.webp
2026-01-08 12:59:17,033 - INFO - Imagem faltante: fonte_corsair-cv550-550w-80-plus-bronze.webp
2026-01-08 12:59:17,034 - INFO - Imagem faltante: fonte_hayom-hx-200w-80-plus.webp
2026-01-08 12:59:17,034 - INFO - Imagem faltante: fonte_real-500wr-atx-mgs.webp
2026-01-08 12:59:17,035 - INFO - Imagem faltante: fonte_mgs-vp-750-750w-80-plus-bronze.webp
2026-01-08 13:01:34,016 - INFO - 85 imagens ja existentes no disco
2026-01-08 13:01:34,016 - INFO - Imagem faltante: monitor_19-hayom-mo6001-promocao.webp
2026-01-08 13:01:34,016 - INFO - Imagem faltante: monitor_215-philips-led-full-hd-221v8-wva-hdmi.webp
2026-01-08 13:01:34,017 - INFO - Imagem faltante: monitor_154-hayom-mo-6006.webp
2026-01-08 13:01:34,017 - INFO - Imagem faltante: monitor_171-hayom-mo6004.webp
2026-01-08 13:01:34,017 - INFO - Imagem faltante: mouse_multilaser-sem-fio-preto-mo307.webp
2026-01-08 13:01:34,017 - INFO - Imagem faltante: mouse_multilaser-preto-usb-mo255.webp
2026-01-08 13:01:34,018 - INFO - Imagem faltante: mouse_multilaser-sem-fio-recarregável-24-ghz-mo277.webp
2026-01-08 13:01:34,018 - INFO - Imagem faltante: mouse_multilaser-sfio-bluetooth-m5750-mo403.webp
2026-01-08 13:01:34,018 - INFO - Imagem faltante: roteador_wr-tp-link-mesh-ac1200-ec220-g5.webp
2026-01-08 13:01:34,019 - INFO - Imagem faltante: roteador_wr-tp-link-dual-band-ac1350-ec230-g1.webp
2026-01-08 13:01:34,019 - INFO - Imagem faltante: roteador_wre-mercusys-ac1200-d-band-gigabit-mr30g.webp
2026-01-08 13:01:34,019 - INFO - Imagem faltante: roteador_tp-link-ac1350-c60-archer-dual-band.webp
2026-01-08 13:01:34,019 - INFO - Imagem faltante: roteador_wr-tp-link-ax1500-dual-band-ax12-wifi-6.webp
2026-01-08 13:01:34,020 - INFO - Imagem faltante: roteador_wr-tp-link-ax1800-dual-band-ax23-wifi-6.webp
2026-01-08 13:01:34,020 - INFO - Imagem faltante: ubiquiti_ap-unifi-ac-u6-pro-4x4-sfonte.webp
2026-01-08 13:01:34,020 - INFO - Imagem faltante: ubiquiti_ap-unifi-uap-ac-lite-br.webp
2026-01-08 13:01:34,020 - INFO - Imagem faltante: repetidor_wireless-tplink-dual-band-ac750-re200.webp
2026-01-08 13:01:34,021 - INFO - Imagem faltante: adaptador_usb-rede-rj45-20-empree.webp
2026-01-08 13:01:34,021 - INFO - Imagem faltante: adaptador_usb-wireless-600mbps-5g.webp
2026-01-08 13:01:34,022 - INFO - Imagem faltante: adaptador_usb-wireless-ac1300-tenda-u12.webp
2026-01-08 13:01:34,022 - INFO - Imagem faltante: adaptador_usb-wireless-ac1300-tp-link-archer-t3u.webp
2026-01-08 13:01:34,023 - INFO - Imagem faltante: adaptador_usb-wireless-ac1300-tp-link-archer-t4u.webp
2026-01-08 13:01:34,023 - INFO - Imagem faltante: adaptador_usb-wireless-tx20u-plus-tp-link-wifi-6.webp
2026-01-08 13:01:34,024 - INFO - Imagem faltante: teclado_bright-preto-usb-0014.webp
2026-01-08 13:01:34,024 - INFO - Imagem faltante: mouse_hayom-officer-usb-mu2904.webp
2026-01-08 13:01:34,024 - INFO - Imagem faltante: mouse_gamer-fortrex-rgb-crusader-70526.webp
2026-01-08 13:01:34,025 - INFO - Imagem faltante: mouse_gamer-fortrex-rgb-crusader-branco-83910.webp
2026-01-08 13:01:34,025 - INFO - Imagem faltante: mouse_prata-game-fortex-crusader.webp
2026-01-08 13:01:34,026 - INFO - Imagem faltante: mouse_preto-game-fortex-crusader.webp
2026-01-08 13:01:34,026 - INFO - Imagem faltante: mouse_fortrex-gamer-usb-spider-2-om-705-3200.webp
2026-01-08 13:01:34,029 - INFO - Imagem faltante: mouse_fortrex-usb-om1101-800dpi-62845.webp
2026-01-08 13:01:34,030 - INFO - Imagem faltante: mouse_gamer-fortrex-usb-om702-tarantula-2000.webp
2026-01-08 13:01:34,030 - INFO - Imagem faltante: mouse_logitech-usb-m240-silent-branco.webp
2026-01-08 13:01:34,031 - INFO - Imagem faltante: mouse_logitech-usb-m90-cinza.webp
2026-01-08 13:01:34,031 - INFO - Imagem faltante: mouse_logitech-usb-vermelho-m105.webp
2026-01-08 13:01:34,031 - INFO - Imagem faltante: mouse_logitech-wireless-azul-m170.webp
2026-01-08 13:01:34,032 - INFO - Imagem faltante: mouse_logitech-wireless-preto-m170.webp
2026-01-08 13:01:34,032 - INFO - Imagem faltante: mouse_logitech-sem-fio-m650-signature-preto.webp
2026-01-08 13:01:34,033 - INFO - Imagem faltante: mouse_logitech-wireless-m310-preto.webp
2026-01-08 13:01:34,033 - INFO - Imagem faltante: mouse_logitech-wireless-m196-bt-branco.webp
2026-01-08 13:01:34,034 - INFO - Imagem faltante: mouse_logitech-wireless-anywhere-s3-graf.webp
2026-01-08 13:01:34,034 - INFO - Imagem faltante: mouse_feasso-sem-fio-fams-11.webp
2026-01-08 13:01:34,035 - INFO - Imagem faltante: placa_mae-brazilpc-a520-am4-ultra.webp
2026-01-08 13:01:34,035 - INFO - Imagem faltante: placa_mae-brazilpc-h510-1200-ddr4.webp
2026-01-08 13:01:34,036 - INFO - Imagem faltante: caixa_de-som-jbl-boombox-3-black.webp
2026-01-08 13:01:34,036 - INFO - Imagem faltante: kvm_2-portas-switch-usb.webp
2026-01-08 13:01:34,037 - INFO - Imagem faltante: splitter_hdmi-8-portas-knuk-pk-sw100.webp
2026-01-08 13:01:34,037 - INFO - Imagem faltante: cabo_de-rede-cat6-305m-lan-max.webp
2026-01-08 13:01:34,038 - INFO - Imagem faltante: cabo_de-rede-cat6-100m-azul-mpt.webp
2026-01-08 13:01:34,038 - INFO - Imagem faltante: cabo_de-rede-cat6-305m-sohplus-azul.webp
2026-01-08 13:01:34,039 - INFO - Imagem faltante: switch_tp-link-16-portas-gigabit-tl-sg1016.webp
2026-01-08 13:01:34,039 - INFO - Imagem faltante: switch_tp-link-24-portas-gigabit-sg1024d.webp
2026-01-08 13:01:34,039 - INFO - Imagem faltante: switch_tp-link-8-portas-gigabit-ls1008g.webp
2026-01-08 13:01:34,040 - INFO - Imagem faltante: switch_tp-link-5-portas-gigabit-ls1005g.webp
2026-01-08 13:01:34,040 - INFO - Imagem faltante: switch_mercusys-8-portas-gigabit-ms108g.webp
2026-01-08 13:01:34,041 - INFO - Imagem faltante: switch_mercusys-5-portas-gigabit-ms105g.webp
2026-01-08 13:01:34,041 - INFO - Imagem faltante: kvm_d-link-16-portas-usb-ps2-kvm-450.webp
2026-01-08 13:01:34,042 - INFO - Imagem faltante: cabo_console-usb-rj45.webp
2026-01-08 13:01:34,045 - INFO - Imagem faltante: web_camera-usb-full-hd-1080p.webp
2026-01-08 13:01:34,045 - INFO - Imagem faltante: webcam_led-15mp-usb-com-microfone.webp
2026-01-08 13:01:34,046 - INFO - Imagem faltante: webcam_logitech-brio-100-grafite.webp
2026-01-08 13:01:34,046 - INFO - Imagem faltante: webcam_logitech-full-hd-c925e.webp
2026-01-08 13:01:34,047 - INFO - Imagem faltante: webcam_logitech-hd-1280-x-720p-c270hd.webp
2026-01-08 13:01:34,047 - INFO - Imagem faltante: teclado_oex-game-ziggy-mecanico-preto-tc-607.webp
2026-01-08 13:01:34,047 - INFO - Imagem faltante: teclado_gamer-mec-fortrek-gravity-100.webp
2026-01-08 13:01:34,048 - INFO - Imagem faltante: teclado_gamer-mec-fortrek-gravity-100-br.webp
2026-01-08 13:01:34,048 - INFO - Imagem faltante: teclado_gamer-mec-fortrek-gravity-65.webp
2026-01-08 13:01:34,049 - INFO - Imagem faltante: teclado_gamer-mec-fortrek-gravity-80.webp
2026-01-08 13:01:34,049 - INFO - Imagem faltante: kit_teclado-e-mouse-sem-fio-silent-logitech-mk295.webp
2026-01-08 13:01:34,050 - INFO - Imagem faltante: kit_teclado-e-mouse-fortrek-ranger-7055i.webp
2026-01-08 13:01:34,050 - INFO - Imagem faltante: kit_teclado-e-mouse-logitech-wireless-mk220.webp
2026-01-08 13:01:34,051 - INFO - Imagem faltante: kit_teclado-e-mouse-logitech-wireless-mk235.webp
2026-01-08 13:01:34,051 - INFO - Imagem faltante: kit_teclado-e-mouse-logitech-wireless-mk250.webp
2026-01-08 13:01:34,052 - INFO - Imagem faltante: kit_teclado-e-mouse-logitech-wireless-mk345.webp
2026-01-08 13:01:34,052 - INFO - Imagem faltante: kit_teclado-e-mouse-logitech-wireless-mk540.webp
2026-01-08 13:01:34,053 - INFO - Imagem faltante: teclado_gamer-mec-ballistic-cinetic-dazz.webp
2026-01-08 13:01:34,053 - INFO - Imagem faltante: teclado_multilaser-usb-multimídia-tc193.webp
2026-01-08 13:01:34,053 - INFO - Imagem faltante: kit_teclado-e-mouse-oex-cambo-office-tm406.webp
2026-01-08 13:01:34,054 - INFO - Imagem faltante: teclado_logitech-gamer-g413se.webp
2026-01-08 13:01:34,054 - INFO - Imagem faltante: mini_teclado-multilaser-mec-gk-510.webp
2026-01-08 13:01:34,055 - INFO - Imagem faltante: mini_teclado-touchpad-wireless-keyboard-knup-verde.webp
2026-01-08 13:01:34,055 - INFO - Imagem faltante: kit_teclado-e-mouse-wireless-fatsc40-feasso-495.webp
2026-01-08 13:01:34,055 - INFO - Imagem faltante: teclado_usb-preto-bpc-8236-brazil.webp
2026-01-08 13:01:34,056 - INFO - Imagem faltante: teclado_numerico-knup.webp
2026-01-08 13:01:34,056 - INFO - Imagem faltante: kit_teclado-e-mouse-5-fio-officer-fortrek-cw11.webp
2026-01-08 13:01:34,057 - INFO - Imagem faltante: kit_teclado-e-mouse-5-fio-24-ghz-bpc-527117.webp
2026-01-08 13:01:34,057 - INFO - Imagem faltante: teclado_maxprint-tv-plus-601476.webp
2026-01-08 13:01:34,058 - INFO - Imagem faltante: kit_teclado-mini-sem-fio-hmaston-jp102.webp
2026-01-08 13:01:34,058 - INFO - Imagem faltante: teclado_hmaston-wireless-bluetooth-abnt2-jp101.webp
2026-01-08 13:01:34,060 - INFO - Imagem faltante: teclado_gamer-mec-cybertronic-dazz.webp
2026-01-08 13:01:34,061 - INFO - Imagem faltante: teclado_inova-prime-gamer-usb-key-9968.webp
2026-01-08 13:01:34,061 - INFO - Imagem faltante: mouse_logitech-usb-m90-cinza.webp
2026-01-08 13:01:34,062 - INFO - Imagem faltante: mouse_logitech-wireless-azul-m170.webp
2026-01-08 13:01:34,062 - INFO - Imagem faltante: mouse_logitech-wireless-preto-m170.webp
2026-01-08 13:01:34,063 - INFO - Imagem faltante: mouse_logitech-wireless-anywhere-3s-graf.webp
2026-01-08 13:01:34,063 - INFO - Imagem faltante: mouse_multilaser-sem-fio-preto-mo307.webp
2026-01-08 13:01:34,063 - INFO - Imagem faltante: mouse_multilaser-sem-fio-recarregavel-24-ghz-mo277.webp
2026-01-08 13:01:34,064 - INFO - Imagem faltante: mouse_multilaser-sfio-bluetooth-m5750-mo403.webp
2026-01-08 13:01:34,064 - INFO - Imagem faltante: ubiquiti_ap-unifi-ac-u6-pro-4x4-sfonte.webp
2026-01-08 13:01:34,065 - INFO - Imagem faltante: ubiquiti_ap-unifi-uap-ac-lite-br.webp
2026-01-08 13:01:34,065 - INFO - Imagem faltante: repetidor_wireles-tp-link-dual-band-ac750-re200.webp
2026-01-08 13:01:34,066 - INFO - Imagem faltante: adaptador_usb-rede-rj45-20-empire.webp
2026-01-08 13:01:34,066 - INFO - Imagem faltante: adaptador_usb-wireless-tx20u-plus-tp-link-wi-fi-6.webp
2026-01-08 13:01:34,066 - INFO - Imagem faltante: monitor_215-gbt-led-hdmi-e-vga-gbt-m218.webp
2026-01-08 13:01:34,067 - INFO - Imagem faltante: monitor_235-gbt-led-hdmi-vga-gbt-m218.webp
2026-01-08 13:01:34,067 - INFO - Imagem faltante: monitor_32-samsung-gamer-qhd-ls32cg55-odyssey.webp
2026-01-08 13:01:34,068 - INFO - Imagem faltante: monitor_24-dx-1k-165hz-curvo-alto-falante-3w-hdmi.webp
2026-01-08 13:01:34,068 - INFO - Imagem faltante: monitor_27-dx-165hz-speaker-alto-falante-ips-box.webp
2026-01-08 13:01:34,068 - INFO - Imagem faltante: monitor_185-aoc-led-e970swnhl-hdmi.webp
2026-01-08 13:01:34,069 - INFO - Imagem faltante: monitor_215-led-samsung-ls22f350fhlmzd.webp
2026-01-08 13:01:34,069 - INFO - Imagem faltante: processador_intel-celeron-1151-lga1200-g5905-4mb.webp
2026-01-08 13:01:34,070 - INFO - Imagem faltante: processador_intel-celeron-1151-lga1200-g5925-36ghz.webp
2026-01-08 13:01:34,070 - INFO - Imagem faltante: processador_intel-i3-lga1150-41504160-34ghz-3mb-oem.webp
2026-01-08 13:01:34,071 - INFO - Imagem faltante: processador_intel-i3-lga1151-9100f-36ghz-3mb-9ger.webp
2026-01-08 13:01:34,071 - INFO - Imagem faltante: processador_intel-i3-lga1200-10100f-36ghz-6mb-10ªg.webp
2026-01-08 13:01:34,071 - INFO - Imagem faltante: processador_intel-i3-lga1200-core-10105-370ghz-6mb.webp
2026-01-08 13:01:34,072 - INFO - Imagem faltante: processador_intel-i5-lga1150-4570-4ªg.webp
2026-01-08 13:01:34,072 - INFO - Imagem faltante: processador_intel-i5-lga1151-8400-oem.webp
2026-01-08 13:01:34,073 - INFO - Imagem faltante: processador_intel-i5-lga1151-9400f-oem.webp
2026-01-08 13:01:34,073 - INFO - Imagem faltante: processador_intel-i5-lga1155-3570-38ghz-6mb-oem.webp
2026-01-08 13:01:34,075 - INFO - Imagem faltante: processador_intel-i5-lga1155-3470-32ghz-oem.webp
2026-01-08 13:01:34,075 - INFO - Imagem faltante: processador_intel-i5-lga1200-11400f-26-ghz-12mb-11ª.webp
2026-01-08 13:01:34,076 - INFO - Imagem faltante: processador_intel-i5-lga1700-12400f-44-ghz-12mb.webp
2026-01-08 13:01:34,076 - INFO - Imagem faltante: processador_intel-i5-13400-lga1700.webp
2026-01-08 13:01:34,076 - INFO - Imagem faltante: processador_intel-i5-14400-lga1700.webp
2026-01-08 13:01:34,077 - INFO - Imagem faltante: processador_intel-i7-3770-lga1155.webp
2026-01-08 13:01:34,077 - INFO - Imagem faltante: processador_intel-pentium-g5400t.webp
2026-01-08 13:01:34,077 - INFO - Imagem faltante: placa_mae-brazil-pc-h61-itx-m2.webp
2026-01-08 13:01:34,078 - INFO - Imagem faltante: placa_mae-brasil-pc-b1150-h81-bpch81m.webp
2026-01-08 13:01:34,078 - INFO - Imagem faltante: placa_mae-asus-prime-h310m-e-hdmi-ddr4.webp
2026-01-08 13:01:34,078 - INFO - Imagem faltante: placa_mae-asus-h310m-c-h310m-h.webp
2026-01-08 13:01:34,078 - INFO - Imagem faltante: placa_mae-asus-h610m-cs-d4-prime.webp
2026-01-08 13:01:34,079 - INFO - Imagem faltante: placa_mae-asus-prime-h610m-k.webp
2026-01-08 13:01:34,079 - INFO - Imagem faltante: placa_mae-asus-prime-h610m-k-1200-ddr4.webp
2026-01-08 13:01:34,080 - INFO - Imagem faltante: placa_mae-pcware-ipm-b360.webp
2026-01-08 13:01:34,080 - INFO - Imagem faltante: placa_mae-pcware-1151-8ª9ª-ipmh310g-ddr4.webp
2026-01-08 13:01:34,080 - INFO - Imagem faltante: placa_mae-pcware-1151-8ª9ª-ipmh310g-ddr4-pro.webp
2026-01-08 13:01:34,081 - INFO - Imagem faltante: placa_mae-hayom-h155-h61m-el-ddr3-plm2300.webp
2026-01-08 13:01:34,081 - INFO - Imagem faltante: placa_mae-hayom-h155-b75m-svr-ddr3-plm2301.webp
2026-01-08 13:01:34,082 - INFO - Imagem faltante: placa_de-vídeo-nvidia-inno3d-rtx3060-12gb-ddr6.webp
2026-01-08 13:01:34,082 - INFO - Imagem faltante: placa_de-vídeo-nvidia-gtx-550-1gb-ddr5-128-bits.webp
2026-01-08 13:01:34,082 - INFO - Imagem faltante: placa_de-vídeo-nvidia-gt740-2gb-ddr3-bluecase.webp
2026-01-08 13:01:34,083 - INFO - Imagem faltante: placa_de-vídeo-nvidia-gt710-2gb-ddr3-hoopson.webp
2026-01-08 13:01:34,083 - INFO - Imagem faltante: placa_de-vídeo-amd-r5-230-2gb-ddr3-pcyes.webp
2026-01-08 13:01:34,084 - INFO - Imagem faltante: placa_de-vídeo-amd-rx570-8gb-ddr5-pcyes.webp
2026-01-08 13:01:34,084 - INFO - Imagem faltante: placa_de-vídeo-nvidia-gtx1050-4gb-ddr5-galax.webp
2026-01-08 13:01:34,084 - INFO - Imagem faltante: placa_de-vídeo-nvidia-gtx1050-ti-4gb-ddr5-asus.webp
2026-01-08 13:01:34,085 - INFO - Imagem faltante: placa_de-vídeo-nvidia-gtx1660-6gb-ddr5-galax.webp
2026-01-08 13:01:34,085 - INFO - Imagem faltante: hd_ssd-120gb-25-get.webp
2026-01-08 13:01:34,086 - INFO - Imagem faltante: hd_ssd-240gb-25-sandisk-530mbs-g26.webp
2026-01-08 13:01:34,086 - INFO - Imagem faltante: hd_ssd-240gb-ssd1901-hayom.webp
2026-01-08 13:01:34,086 - INFO - Imagem faltante: hd_ssd-240gb-kingston-a400-sa400s37240g.webp
2026-01-08 13:01:34,087 - INFO - Imagem faltante: hd_ssd-480-gb-25-hayom.webp
2026-01-08 13:01:34,087 - INFO - Imagem faltante: hd_ssd-480-gb-25-gotech.webp
2026-01-08 13:01:34,088 - INFO - Imagem faltante: hd_ssd-480-gb-25-hik-semi-mewe.webp
2026-01-08 13:01:34,088 - INFO - Imagem faltante: hd_ssd-480-gb-25-kingston-sa400s37.webp
2026-01-08 13:01:34,089 - INFO - Imagem faltante: nvme_ssd-m2-2280-kingston-1-tb-nvme.webp
2026-01-08 13:01:34,091 - INFO - Imagem faltante: nvme_ssd-m2-2280-kingston-500gb-25.webp
2026-01-08 13:01:34,092 - INFO - Imagem faltante: ssd_m2-2280-sata3-macrovip-swb-256gb.webp
2026-01-08 13:01:34,092 - INFO - Imagem faltante: ssd_256gb-25-fnx-gamer.webp
2026-01-08 13:01:34,093 - INFO - Imagem faltante: hd_externo-1tb-seagate-expansion-usb-30.webp
2026-01-08 13:01:34,093 - INFO - Imagem faltante: hd_externo-2tb-seagate-portátil-expansion-usb-30.webp
2026-01-08 13:01:34,094 - INFO - Imagem faltante: hd_externo-4tb-seagate-usb-30-expansion.webp
2026-01-08 13:01:34,094 - INFO - Imagem faltante: hd_interno-3tb-sata3-seagate-constellation-7200.webp
2026-01-08 13:01:34,095 - INFO - Imagem faltante: fonte_real-500w-atx-aerocool-vx-500.webp
2026-01-08 13:01:34,095 - INFO - Imagem faltante: fonte_real-500w-atx-aerocool-vx-500.webp
2026-01-08 13:01:34,096 - INFO - Imagem faltante: fonte_aerocool-vx-plus-700w-80-plus-bronze.webp
2026-01-08 13:01:34,096 - INFO - Imagem faltante: fonte_real-1000w-atx-aerocool-kcas-plus-scabo.webp
2026-01-08 13:01:34,097 - INFO - Imagem faltante: fonte_corsair-cv550-550w-80-plus-bronze.webp
2026-01-08 13:01:34,097 - INFO - Imagem faltante: fonte_hayom-hx-200w-80-plus.webp
2026-01-08 13:01:34,098 - INFO - Imagem faltante: fonte_real-500wr-atx-mgs.webp
2026-01-08 13:01:34,098 - INFO - Imagem faltante: fonte_mgs-vp-750-750w-80-plus-bronze.webp
2026-01-08 13:04:08,830 - INFO - 85 imagens ja existentes no disco
2026-01-08 13:04:08,831 - INFO - Imagem faltante: monitor_19-hayom-mo6001-promocao.webp
2026-01-08 13:04:08,831 - INFO - Imagem faltante: monitor_215-philips-led-full-hd-221v8-wva-hdmi.webp
2026-01-08 13:04:08,831 - INFO - Imagem faltante: monitor_154-hayom-mo-6006.webp
2026-01-08 13:04:08,832 - INFO - Imagem faltante: monitor_171-hayom-mo6004.webp
2026-01-08 13:04:08,832 - INFO - Imagem faltante: mouse_multilaser-sem-fio-preto-mo307.webp
2026-01-08 13:04:08,832 - INFO - Imagem faltante: mouse_multilaser-preto-usb-mo255.webp
2026-01-08 13:04:08,833 - INFO - Imagem faltante: mouse_multilaser-sem-fio-recarregável-24-ghz-mo277.webp
2026-01-08 13:04:08,833 - INFO - Imagem faltante: mouse_multilaser-sfio-bluetooth-m5750-mo403.webp
2026-01-08 13:04:08,833 - INFO - Imagem faltante: roteador_wr-tp-link-mesh-ac1200-ec220-g5.webp
2026-01-08 13:04:08,833 - INFO - Imagem faltante: roteador_wr-tp-link-dual-band-ac1350-ec230-g1.webp
2026-01-08 13:04:08,834 - INFO - Imagem faltante: roteador_wre-mercusys-ac1200-d-band-gigabit-mr30g.webp
2026-01-08 13:04:08,834 - INFO - Imagem faltante: roteador_tp-link-ac1350-c60-archer-dual-band.webp
2026-01-08 13:04:08,834 - INFO - Imagem faltante: roteador_wr-tp-link-ax1500-dual-band-ax12-wifi-6.webp
2026-01-08 13:04:08,834 - INFO - Imagem faltante: roteador_wr-tp-link-ax1800-dual-band-ax23-wifi-6.webp
2026-01-08 13:04:08,835 - INFO - Imagem faltante: ubiquiti_ap-unifi-ac-u6-pro-4x4-sfonte.webp
2026-01-08 13:04:08,835 - INFO - Imagem faltante: ubiquiti_ap-unifi-uap-ac-lite-br.webp
2026-01-08 13:04:08,835 - INFO - Imagem faltante: repetidor_wireless-tplink-dual-band-ac750-re200.webp
2026-01-08 13:04:08,837 - INFO - Imagem faltante: adaptador_usb-rede-rj45-20-empree.webp
2026-01-08 13:04:08,837 - INFO - Imagem faltante: adaptador_usb-wireless-600mbps-5g.webp
2026-01-08 13:04:08,837 - INFO - Imagem faltante: adaptador_usb-wireless-ac1300-tenda-u12.webp
2026-01-08 13:04:08,838 - INFO - Imagem faltante: adaptador_usb-wireless-ac1300-tp-link-archer-t3u.webp
2026-01-08 13:04:08,838 - INFO - Imagem faltante: adaptador_usb-wireless-ac1300-tp-link-archer-t4u.webp
2026-01-08 13:04:08,839 - INFO - Imagem faltante: adaptador_usb-wireless-tx20u-plus-tp-link-wifi-6.webp
2026-01-08 13:04:08,839 - INFO - Imagem faltante: teclado_bright-preto-usb-0014.webp
2026-01-08 13:04:08,839 - INFO - Imagem faltante: mouse_hayom-officer-usb-mu2904.webp
2026-01-08 13:04:08,840 - INFO - Imagem faltante: mouse_gamer-fortrex-rgb-crusader-70526.webp
2026-01-08 13:04:08,840 - INFO - Imagem faltante: mouse_gamer-fortrex-rgb-crusader-branco-83910.webp
2026-01-08 13:04:08,841 - INFO - Imagem faltante: mouse_prata-game-fortex-crusader.webp
2026-01-08 13:04:08,841 - INFO - Imagem faltante: mouse_preto-game-fortex-crusader.webp
2026-01-08 13:04:08,842 - INFO - Imagem faltante: mouse_fortrex-gamer-usb-spider-2-om-705-3200.webp
2026-01-08 13:04:08,842 - INFO - Imagem faltante: mouse_fortrex-usb-om1101-800dpi-62845.webp
2026-01-08 13:04:08,842 - INFO - Imagem faltante: mouse_gamer-fortrex-usb-om702-tarantula-2000.webp
2026-01-08 13:04:08,843 - INFO - Imagem faltante: mouse_logitech-usb-m240-silent-branco.webp
2026-01-08 13:04:08,843 - INFO - Imagem faltante: mouse_logitech-usb-m90-cinza.webp
2026-01-08 13:04:08,844 - INFO - Imagem faltante: mouse_logitech-usb-vermelho-m105.webp
2026-01-08 13:04:08,844 - INFO - Imagem faltante: mouse_logitech-wireless-azul-m170.webp
2026-01-08 13:04:08,845 - INFO - Imagem faltante: mouse_logitech-wireless-preto-m170.webp
2026-01-08 13:04:08,845 - INFO - Imagem faltante: mouse_logitech-sem-fio-m650-signature-preto.webp
2026-01-08 13:04:08,846 - INFO - Imagem faltante: mouse_logitech-wireless-m310-preto.webp
2026-01-08 13:04:08,846 - INFO - Imagem faltante: mouse_logitech-wireless-m196-bt-branco.webp
2026-01-08 13:04:08,847 - INFO - Imagem faltante: mouse_logitech-wireless-anywhere-s3-graf.webp
2026-01-08 13:04:08,847 - INFO - Imagem faltante: mouse_feasso-sem-fio-fams-11.webp
2026-01-08 13:04:08,847 - INFO - Imagem faltante: placa_mae-brazilpc-a520-am4-ultra.webp
2026-01-08 13:04:08,848 - INFO - Imagem faltante: placa_mae-brazilpc-h510-1200-ddr4.webp
2026-01-08 13:04:08,848 - INFO - Imagem faltante: caixa_de-som-jbl-boombox-3-black.webp
2026-01-08 13:04:08,849 - INFO - Imagem faltante: kvm_2-portas-switch-usb.webp
2026-01-08 13:04:08,849 - INFO - Imagem faltante: splitter_hdmi-8-portas-knuk-pk-sw100.webp
2026-01-08 13:04:08,849 - INFO - Imagem faltante: cabo_de-rede-cat6-305m-lan-max.webp
2026-01-08 13:04:08,850 - INFO - Imagem faltante: cabo_de-rede-cat6-100m-azul-mpt.webp
2026-01-08 13:04:08,850 - INFO - Imagem faltante: cabo_de-rede-cat6-305m-sohplus-azul.webp
2026-01-08 13:04:08,851 - INFO - Imagem faltante: switch_tp-link-16-portas-gigabit-tl-sg1016.webp
2026-01-08 13:04:08,853 - INFO - Imagem faltante: switch_tp-link-24-portas-gigabit-sg1024d.webp
2026-01-08 13:04:08,853 - INFO - Imagem faltante: switch_tp-link-8-portas-gigabit-ls1008g.webp
2026-01-08 13:04:08,853 - INFO - Imagem faltante: switch_tp-link-5-portas-gigabit-ls1005g.webp
2026-01-08 13:04:08,854 - INFO - Imagem faltante: switch_mercusys-8-portas-gigabit-ms108g.webp
2026-01-08 13:04:08,854 - INFO - Imagem faltante: switch_mercusys-5-portas-gigabit-ms105g.webp
2026-01-08 13:04:08,855 - INFO - Imagem faltante: kvm_d-link-16-portas-usb-ps2-kvm-450.webp
2026-01-08 13:04:08,855 - INFO - Imagem faltante: cabo_console-usb-rj45.webp
2026-01-08 13:04:08,855 - INFO - Imagem faltante: web_camera-usb-full-hd-1080p.webp
2026-01-08 13:04:08,856 - INFO - Imagem faltante: webcam_led-15mp-usb-com-microfone.webp
2026-01-08 13:04:08,856 - INFO - Imagem faltante: webcam_logitech-brio-100-grafite.webp
2026-01-08 13:04:08,857 - INFO - Imagem faltante: webcam_logitech-full-hd-c925e.webp
2026-01-08 13:04:08,857 - INFO - Imagem faltante: webcam_logitech-hd-1280-x-720p-c270hd.webp
2026-01-08 13:04:08,857 - INFO - Imagem faltante: teclado_oex-game-ziggy-mecanico-preto-tc-607.webp
2026-01-08 13:04:08,858 - INFO - Imagem faltante: teclado_gamer-mec-fortrek-gravity-100.webp
2026-01-08 13:04:08,858 - INFO - Imagem faltante: teclado_gamer-mec-fortrek-gravity-100-br.webp
2026-01-08 13:04:08,859 - INFO - Imagem faltante: teclado_gamer-mec-fortrek-gravity-65.webp
2026-01-08 13:04:08,859 - INFO - Imagem faltante: teclado_gamer-mec-fortrek-gravity-80.webp
2026-01-08 13:04:08,859 - INFO - Imagem faltante: kit_teclado-e-mouse-sem-fio-silent-logitech-mk295.webp
2026-01-08 13:04:08,860 - INFO - Imagem faltante: kit_teclado-e-mouse-fortrek-ranger-7055i.webp
2026-01-08 13:04:08,860 - INFO - Imagem faltante: kit_teclado-e-mouse-logitech-wireless-mk220.webp
2026-01-08 13:04:08,861 - INFO - Imagem faltante: kit_teclado-e-mouse-logitech-wireless-mk235.webp
2026-01-08 13:04:08,861 - INFO - Imagem faltante: kit_teclado-e-mouse-logitech-wireless-mk250.webp
2026-01-08 13:04:08,861 - INFO - Imagem faltante: kit_teclado-e-mouse-logitech-wireless-mk345.webp
2026-01-08 13:04:08,862 - INFO - Imagem faltante: kit_teclado-e-mouse-logitech-wireless-mk540.webp
2026-01-08 13:04:08,862 - INFO - Imagem faltante: teclado_gamer-mec-ballistic-cinetic-dazz.webp
2026-01-08 13:04:08,863 - INFO - Imagem faltante: teclado_multilaser-usb-multimídia-tc193.webp
2026-01-08 13:04:08,863 - INFO - Imagem faltante: kit_teclado-e-mouse-oex-cambo-office-tm406.webp
2026-01-08 13:04:08,863 - INFO - Imagem faltante: teclado_logitech-gamer-g413se.webp
2026-01-08 13:04:08,864 - INFO - Imagem faltante: mini_teclado-multilaser-mec-gk-510.webp
2026-01-08 13:04:08,864 - INFO - Imagem faltante: mini_teclado-touchpad-wireless-keyboard-knup-verde.webp
2026-01-08 13:04:08,865 - INFO - Imagem faltante: kit_teclado-e-mouse-wireless-fatsc40-feasso-495.webp
2026-01-08 13:04:08,865 - INFO - Imagem faltante: teclado_usb-preto-bpc-8236-brazil.webp
2026-01-08 13:04:08,865 - INFO - Imagem faltante: teclado_numerico-knup.webp
2026-01-08 13:04:08,866 - INFO - Imagem faltante: kit_teclado-e-mouse-5-fio-officer-fortrek-cw11.webp
2026-01-08 13:04:08,868 - INFO - Imagem faltante: kit_teclado-e-mouse-5-fio-24-ghz-bpc-527117.webp
2026-01-08 13:04:08,868 - INFO - Imagem faltante: teclado_maxprint-tv-plus-601476.webp
2026-01-08 13:04:08,869 - INFO - Imagem faltante: kit_teclado-mini-sem-fio-hmaston-jp102.webp
2026-01-08 13:04:08,869 - INFO - Imagem faltante: teclado_hmaston-wireless-bluetooth-abnt2-jp101.webp
2026-01-08 13:04:08,870 - INFO - Imagem faltante: teclado_gamer-mec-cybertronic-dazz.webp
2026-01-08 13:04:08,870 - INFO - Imagem faltante: teclado_inova-prime-gamer-usb-key-9968.webp
2026-01-08 13:04:08,871 - INFO - Imagem faltante: mouse_logitech-usb-m90-cinza.webp
2026-01-08 13:04:08,871 - INFO - Imagem faltante: mouse_logitech-wireless-azul-m170.webp
2026-01-08 13:04:08,871 - INFO - Imagem faltante: mouse_logitech-wireless-preto-m170.webp
2026-01-08 13:04:08,872 - INFO - Imagem faltante: mouse_logitech-wireless-anywhere-3s-graf.webp
2026-01-08 13:04:08,872 - INFO - Imagem faltante: mouse_multilaser-sem-fio-preto-mo307.webp
2026-01-08 13:04:08,872 - INFO - Imagem faltante: mouse_multilaser-sem-fio-recarregavel-24-ghz-mo277.webp
2026-01-08 13:04:08,872 - INFO - Imagem faltante: mouse_multilaser-sfio-bluetooth-m5750-mo403.webp
2026-01-08 13:04:08,873 - INFO - Imagem faltante: ubiquiti_ap-unifi-ac-u6-pro-4x4-sfonte.webp
2026-01-08 13:04:08,873 - INFO - Imagem faltante: ubiquiti_ap-unifi-uap-ac-lite-br.webp
2026-01-08 13:04:08,873 - INFO - Imagem faltante: repetidor_wireles-tp-link-dual-band-ac750-re200.webp
2026-01-08 13:04:08,874 - INFO - Imagem faltante: adaptador_usb-rede-rj45-20-empire.webp
2026-01-08 13:04:08,874 - INFO - Imagem faltante: adaptador_usb-wireless-tx20u-plus-tp-link-wi-fi-6.webp
2026-01-08 13:04:08,874 - INFO - Imagem faltante: monitor_215-gbt-led-hdmi-e-vga-gbt-m218.webp
2026-01-08 13:04:08,875 - INFO - Imagem faltante: monitor_235-gbt-led-hdmi-vga-gbt-m218.webp
2026-01-08 13:04:08,875 - INFO - Imagem faltante: monitor_32-samsung-gamer-qhd-ls32cg55-odyssey.webp
2026-01-08 13:04:08,875 - INFO - Imagem faltante: monitor_24-dx-1k-165hz-curvo-alto-falante-3w-hdmi.webp
2026-01-08 13:04:08,876 - INFO - Imagem faltante: monitor_27-dx-165hz-speaker-alto-falante-ips-box.webp
2026-01-08 13:04:08,876 - INFO - Imagem faltante: monitor_185-aoc-led-e970swnhl-hdmi.webp
2026-01-08 13:04:08,876 - INFO - Imagem faltante: monitor_215-led-samsung-ls22f350fhlmzd.webp
2026-01-08 13:04:08,877 - INFO - Imagem faltante: processador_intel-celeron-1151-lga1200-g5905-4mb.webp
2026-01-08 13:04:08,877 - INFO - Imagem faltante: processador_intel-celeron-1151-lga1200-g5925-36ghz.webp
2026-01-08 13:04:08,877 - INFO - Imagem faltante: processador_intel-i3-lga1150-41504160-34ghz-3mb-oem.webp
2026-01-08 13:04:08,878 - INFO - Imagem faltante: processador_intel-i3-lga1151-9100f-36ghz-3mb-9ger.webp
2026-01-08 13:04:08,878 - INFO - Imagem faltante: processador_intel-i3-lga1200-10100f-36ghz-6mb-10ªg.webp
2026-01-08 13:04:08,878 - INFO - Imagem faltante: processador_intel-i3-lga1200-core-10105-370ghz-6mb.webp
2026-01-08 13:04:08,879 - INFO - Imagem faltante: processador_intel-i5-lga1150-4570-4ªg.webp
2026-01-08 13:04:08,879 - INFO - Imagem faltante: processador_intel-i5-lga1151-8400-oem.webp
2026-01-08 13:04:08,879 - INFO - Imagem faltante: processador_intel-i5-lga1151-9400f-oem.webp
2026-01-08 13:04:08,880 - INFO - Imagem faltante: processador_intel-i5-lga1155-3570-38ghz-6mb-oem.webp
2026-01-08 13:04:08,880 - INFO - Imagem faltante: processador_intel-i5-lga1155-3470-32ghz-oem.webp
2026-01-08 13:04:08,880 - INFO - Imagem faltante: processador_intel-i5-lga1200-11400f-26-ghz-12mb-11ª.webp
2026-01-08 13:04:08,880 - INFO - Imagem faltante: processador_intel-i5-lga1700-12400f-44-ghz-12mb.webp
2026-01-08 13:04:08,881 - INFO - Imagem faltante: processador_intel-i5-13400-lga1700.webp
2026-01-08 13:04:08,881 - INFO - Imagem faltante: processador_intel-i5-14400-lga1700.webp
2026-01-08 13:04:08,882 - INFO - Imagem faltante: processador_intel-i7-3770-lga1155.webp
2026-01-08 13:04:08,884 - INFO - Imagem faltante: processador_intel-pentium-g5400t.webp
2026-01-08 13:04:08,884 - INFO - Imagem faltante: placa_mae-brazil-pc-h61-itx-m2.webp
2026-01-08 13:04:08,885 - INFO - Imagem faltante: placa_mae-brasil-pc-b1150-h81-bpch81m.webp
2026-01-08 13:04:08,885 - INFO - Imagem faltante: placa_mae-asus-prime-h310m-e-hdmi-ddr4.webp
2026-01-08 13:04:08,886 - INFO - Imagem faltante: placa_mae-asus-h310m-c-h310m-h.webp
2026-01-08 13:04:08,886 - INFO - Imagem faltante: placa_mae-asus-h610m-cs-d4-prime.webp
2026-01-08 13:04:08,886 - INFO - Imagem faltante: placa_mae-asus-prime-h610m-k.webp
2026-01-08 13:04:08,887 - INFO - Imagem faltante: placa_mae-asus-prime-h610m-k-1200-ddr4.webp
2026-01-08 13:04:08,887 - INFO - Imagem faltante: placa_mae-pcware-ipm-b360.webp
2026-01-08 13:04:08,888 - INFO - Imagem faltante: placa_mae-pcware-1151-8ª9ª-ipmh310g-ddr4.webp
2026-01-08 13:04:08,888 - INFO - Imagem faltante: placa_mae-pcware-1151-8ª9ª-ipmh310g-ddr4-pro.webp
2026-01-08 13:04:08,888 - INFO - Imagem faltante: placa_mae-hayom-h155-h61m-el-ddr3-plm2300.webp
2026-01-08 13:04:08,889 - INFO - Imagem faltante: placa_mae-hayom-h155-b75m-svr-ddr3-plm2301.webp
2026-01-08 13:04:08,889 - INFO - Imagem faltante: placa_de-vídeo-nvidia-inno3d-rtx3060-12gb-ddr6.webp
2026-01-08 13:04:08,890 - INFO - Imagem faltante: placa_de-vídeo-nvidia-gtx-550-1gb-ddr5-128-bits.webp
2026-01-08 13:04:08,890 - INFO - Imagem faltante: placa_de-vídeo-nvidia-gt740-2gb-ddr3-bluecase.webp
2026-01-08 13:04:08,890 - INFO - Imagem faltante: placa_de-vídeo-nvidia-gt710-2gb-ddr3-hoopson.webp
2026-01-08 13:04:08,891 - INFO - Imagem faltante: placa_de-vídeo-amd-r5-230-2gb-ddr3-pcyes.webp
2026-01-08 13:04:08,891 - INFO - Imagem faltante: placa_de-vídeo-amd-rx570-8gb-ddr5-pcyes.webp
2026-01-08 13:04:08,892 - INFO - Imagem faltante: placa_de-vídeo-nvidia-gtx1050-4gb-ddr5-galax.webp
2026-01-08 13:04:08,892 - INFO - Imagem faltante: placa_de-vídeo-nvidia-gtx1050-ti-4gb-ddr5-asus.webp
2026-01-08 13:04:08,892 - INFO - Imagem faltante: placa_de-vídeo-nvidia-gtx1660-6gb-ddr5-galax.webp
2026-01-08 13:04:08,893 - INFO - Imagem faltante: hd_ssd-120gb-25-get.webp
2026-01-08 13:04:08,893 - INFO - Imagem faltante: hd_ssd-240gb-25-sandisk-530mbs-g26.webp
2026-01-08 13:04:08,893 - INFO - Imagem faltante: hd_ssd-240gb-ssd1901-hayom.webp
2026-01-08 13:04:08,894 - INFO - Imagem faltante: hd_ssd-240gb-kingston-a400-sa400s37240g.webp
2026-01-08 13:04:08,894 - INFO - Imagem faltante: hd_ssd-480-gb-25-hayom.webp
2026-01-08 13:04:08,895 - INFO - Imagem faltante: hd_ssd-480-gb-25-gotech.webp
2026-01-08 13:04:08,895 - INFO - Imagem faltante: hd_ssd-480-gb-25-hik-semi-mewe.webp
2026-01-08 13:04:08,895 - INFO - Imagem faltante: hd_ssd-480-gb-25-kingston-sa400s37.webp
2026-01-08 13:04:08,896 - INFO - Imagem faltante: nvme_ssd-m2-2280-kingston-1-tb-nvme.webp
2026-01-08 13:04:08,896 - INFO - Imagem faltante: nvme_ssd-m2-2280-kingston-500gb-25.webp
2026-01-08 13:04:08,897 - INFO - Imagem faltante: ssd_m2-2280-sata3-macrovip-swb-256gb.webp
2026-01-08 13:04:08,898 - INFO - Imagem faltante: ssd_256gb-25-fnx-gamer.webp
2026-01-08 13:04:08,899 - INFO - Imagem faltante: hd_externo-1tb-seagate-expansion-usb-30.webp
2026-01-08 13:04:08,899 - INFO - Imagem faltante: hd_externo-2tb-seagate-portátil-expansion-usb-30.webp
2026-01-08 13:04:08,900 - INFO - Imagem faltante: hd_externo-4tb-seagate-usb-30-expansion.webp
2026-01-08 13:04:08,900 - INFO - Imagem faltante: hd_interno-3tb-sata3-seagate-constellation-7200.webp
2026-01-08 13:04:08,901 - INFO - Imagem faltante: fonte_real-500w-atx-aerocool-vx-500.webp
2026-01-08 13:04:08,901 - INFO - Imagem faltante: fonte_real-500w-atx-aerocool-vx-500.webp
2026-01-08 13:04:08,902 - INFO - Imagem faltante: fonte_aerocool-vx-plus-700w-80-plus-bronze.webp
2026-01-08 13:04:08,902 - INFO - Imagem faltante: fonte_real-1000w-atx-aerocool-kcas-plus-scabo.webp
2026-01-08 13:04:08,902 - INFO - Imagem faltante: fonte_corsair-cv550-550w-80-plus-bronze.webp
2026-01-08 13:04:08,903 - INFO - Imagem faltante: fonte_hayom-hx-200w-80-plus.webp
2026-01-08 13:04:08,903 - INFO - Imagem faltante: fonte_real-500wr-atx-mgs.webp
2026-01-08 13:04:08,904 - INFO - Imagem faltante: fonte_mgs-vp-750-750w-80-plus-bronze.webp
